<?xml version="1.0" encoding="UTF-8"?>
<testsuites name="jest tests" tests="243" failures="0" errors="0" time="19.681">
  <testsuite name="DataSource/DataSourceList/DataSourceListFilterForm" errors="0" failures="0" skipped="0" timestamp="2021-06-23T06:28:55" time="8.851" tests="4">
    <testcase classname="DataSource/DataSourceList/DataSourceListFilterForm should match snapshot" name="DataSource/DataSourceList/DataSourceListFilterForm should match snapshot" time="0.311">
    </testcase>
    <testcase classname="DataSource/DataSourceList/DataSourceListFilterForm should submit filter info when user click search button" name="DataSource/DataSourceList/DataSourceListFilterForm should submit filter info when user click search button" time="0.638">
    </testcase>
    <testcase classname="DataSource/DataSourceList/DataSourceListFilterForm should reset all filter info when user click reset button" name="DataSource/DataSourceList/DataSourceListFilterForm should reset all filter info when user click reset button" time="0.519">
    </testcase>
    <testcase classname="DataSource/DataSourceList/DataSourceListFilterForm should reset a part of fields when user collapse filter" name="DataSource/DataSourceList/DataSourceListFilterForm should reset a part of fields when user collapse filter" time="0.556">
    </testcase>
  </testsuite>
  <testsuite name="UpdateDataSource" errors="0" failures="0" skipped="0" timestamp="2021-06-23T06:28:55" time="9.05" tests="2">
    <testcase classname="UpdateDataSource should render data source form" name="UpdateDataSource should render data source form" time="0.701">
    </testcase>
    <testcase classname="UpdateDataSource should send update instance request when click submit" name="UpdateDataSource should send update instance request when click submit" time="1.146">
    </testcase>
  </testsuite>
  <testsuite name="Whitelist/WhitelistList" errors="0" failures="0" skipped="0" timestamp="2021-06-23T06:28:55" time="9.243" tests="5">
    <testcase classname="Whitelist/WhitelistList should init modal state at component init" name="Whitelist/WhitelistList should init modal state at component init" time="0.526">
    </testcase>
    <testcase classname="Whitelist/WhitelistList should set add whitelist modal visible to true when user click add whitelist button" name="Whitelist/WhitelistList should set add whitelist modal visible to true when user click add whitelist button" time="0.105">
    </testcase>
    <testcase classname="Whitelist/WhitelistList should set update whitelist modal visible to true and set select whitelist when user click update whitelist button" name="Whitelist/WhitelistList should set update whitelist modal visible to true and set select whitelist when user click update whitelist button" time="0.323">
    </testcase>
    <testcase classname="Whitelist/WhitelistList should delete whitelist when user confirm to delete whitelist" name="Whitelist/WhitelistList should delete whitelist when user confirm to delete whitelist" time="0.547">
    </testcase>
    <testcase classname="Whitelist/WhitelistList should refresh table data when receive Refresh_Whitelist_List event" name="Whitelist/WhitelistList should refresh table data when receive Refresh_Whitelist_List event" time="0.337">
    </testcase>
  </testsuite>
  <testsuite name="Order/List" errors="0" failures="0" skipped="0" timestamp="2021-06-23T06:28:55" time="9.419" tests="4">
    <testcase classname="Order/List should get select option from request" name="Order/List should get select option from request" time="0.37">
    </testcase>
    <testcase classname="Order/List should props method of props will be called when click submit or reset button" name="Order/List should props method of props will be called when click submit or reset button" time="0.362">
    </testcase>
    <testcase classname="Order/List should toggle collapse when use click the collapse text" name="Order/List should toggle collapse when use click the collapse text" time="1.138">
    </testcase>
    <testcase classname="Order/List should be control mode will pass collapse props" name="Order/List should be control mode will pass collapse props" time="0.587">
    </testcase>
  </testsuite>
  <testsuite name="AddDataSource" errors="0" failures="0" skipped="0" timestamp="2021-06-23T06:28:55" time="9.626" tests="3">
    <testcase classname="AddDataSource should render data source form" name="AddDataSource should render data source form" time="0.412">
    </testcase>
    <testcase classname="AddDataSource should send create instance request when click submit" name="AddDataSource should send create instance request when click submit" time="1.427">
    </testcase>
    <testcase classname="AddDataSource should reset all fields when click reset button" name="AddDataSource should reset all fields when click reset button" time="0.587">
    </testcase>
  </testsuite>
  <testsuite name="order/create/sqlInfoForm" errors="0" failures="0" skipped="0" timestamp="2021-06-23T06:28:55" time="9.659" tests="3">
    <testcase classname="order/create/sqlInfoForm should call submit of props when user click audit button" name="order/create/sqlInfoForm should call submit of props when user click audit button" time="1.3">
    </testcase>
    <testcase classname="order/create/sqlInfoForm should upload file when user select upload sql file" name="order/create/sqlInfoForm should upload file when user select upload sql file" time="0.624">
    </testcase>
    <testcase classname="order/create/sqlInfoForm should upload mybatis file when user select upload mybits file" name="order/create/sqlInfoForm should upload mybatis file when user select upload mybits file" time="0.591">
    </testcase>
  </testsuite>
  <testsuite name="DataSource/DataSourceList" errors="0" failures="0" skipped="0" timestamp="2021-06-23T06:28:55" time="10.021" tests="4">
    <testcase classname="DataSource/DataSourceList should match snapshot" name="DataSource/DataSourceList should match snapshot" time="0.79">
    </testcase>
    <testcase classname="DataSource/DataSourceList should delete data source when user click delete data source button" name="DataSource/DataSourceList should delete data source when user click delete data source button" time="0.782">
    </testcase>
    <testcase classname="DataSource/DataSourceList should send test database connect request when user click test database connectable button" name="DataSource/DataSourceList should send test database connect request when user click test database connectable button" time="0.671">
    </testcase>
    <testcase classname="DataSource/DataSourceList should show the reason of test failed when database is can not connect" name="DataSource/DataSourceList should show the reason of test failed when database is can not connect" time="0.625">
    </testcase>
  </testsuite>
  <testsuite name="Rule" errors="0" failures="0" skipped="0" timestamp="2021-06-23T06:28:55" time="10.395" tests="2">
    <testcase classname="Rule should render page header" name="Rule should render page header" time="1.112">
    </testcase>
    <testcase classname="Rule should render instance rule when user select a instance" name="Rule should render instance rule when user select a instance" time="2.208">
    </testcase>
  </testsuite>
  <testsuite name="RuleTemplate/RuleTemplateForm/RuleSelect" errors="0" failures="0" skipped="0" timestamp="2021-06-23T06:28:55" time="10.413" tests="2">
    <testcase classname="RuleTemplate/RuleTemplateForm/RuleSelect should render rule by active rules and all rules" name="RuleTemplate/RuleTemplateForm/RuleSelect should render rule by active rules and all rules" time="2.275">
    </testcase>
    <testcase classname="RuleTemplate/RuleTemplateForm/RuleSelect should call update rules func of props when user active or disable rule" name="RuleTemplate/RuleTemplateForm/RuleSelect should call update rules func of props when user active or disable rule" time="1.981">
    </testcase>
  </testsuite>
  <testsuite name="User/UserList" errors="0" failures="0" skipped="0" timestamp="2021-06-23T06:28:55" time="10.871" tests="8">
    <testcase classname="User/UserList should match snapshot" name="User/UserList should match snapshot" time="0.594">
    </testcase>
    <testcase classname="User/UserList should get user list by default page size and page index" name="User/UserList should get user list by default page size and page index" time="0.128">
    </testcase>
    <testcase classname="User/UserList should jump to next page when user click next page button" name="User/UserList should jump to next page when user click next page button" time="0.607">
    </testcase>
    <testcase classname="User/UserList should filter table data when user input filter data and click search button" name="User/UserList should filter table data when user input filter data and click search button" time="0.738">
    </testcase>
    <testcase classname="User/UserList should dispatch open create user modal event when user click creat user button" name="User/UserList should dispatch open create user modal event when user click creat user button" time="0.427">
    </testcase>
    <testcase classname="User/UserList should dispatch open create user modal event and set select user data when user click update user button" name="User/UserList should dispatch open create user modal event and set select user data when user click update user button" time="0.391">
    </testcase>
    <testcase classname="User/UserList should send delete user when user confirm delete user" name="User/UserList should send delete user when user confirm delete user" time="0.6">
    </testcase>
    <testcase classname="User/UserList should refresh table data when receive &quot;Refresh_User_list&quot; event" name="User/UserList should refresh table data when receive &quot;Refresh_User_list&quot; event" time="0.403">
    </testcase>
  </testsuite>
  <testsuite name="RuleTemplate/RuleTemplateList" errors="0" failures="0" skipped="0" timestamp="2021-06-23T06:29:04" time="1.88" tests="2">
    <testcase classname="RuleTemplate/RuleTemplateList should match snapshot" name="RuleTemplate/RuleTemplateList should match snapshot" time="0.209">
    </testcase>
    <testcase classname="RuleTemplate/RuleTemplateList should send delete rule template request when user click delete rule template button" name="RuleTemplate/RuleTemplateList should send delete rule template request when user click delete rule template button" time="0.305">
    </testcase>
  </testsuite>
  <testsuite name="User/RoleList" errors="0" failures="0" skipped="0" timestamp="2021-06-23T06:28:55" time="11.873" tests="8">
    <testcase classname="User/RoleList should match snapshot" name="User/RoleList should match snapshot" time="0.736">
    </testcase>
    <testcase classname="User/RoleList should get role list by default page size and page index" name="User/RoleList should get role list by default page size and page index" time="0.189">
    </testcase>
    <testcase classname="User/RoleList should jump to next page when user click next page button" name="User/RoleList should jump to next page when user click next page button" time="0.803">
    </testcase>
    <testcase classname="User/RoleList should filter table data when user input filter data and click search button" name="User/RoleList should filter table data when user input filter data and click search button" time="0.945">
    </testcase>
    <testcase classname="User/RoleList should dispatch open create role modal event when user click creat role button" name="User/RoleList should dispatch open create role modal event when user click creat role button" time="0.535">
    </testcase>
    <testcase classname="User/RoleList should dispatch open create role modal event and set select role data when user click update role button" name="User/RoleList should dispatch open create role modal event and set select role data when user click update role button" time="0.491">
    </testcase>
    <testcase classname="User/RoleList should send delete role when user confirm delete user" name="User/RoleList should send delete role when user confirm delete user" time="0.724">
    </testcase>
    <testcase classname="User/RoleList should refresh table data when receive &quot;Refresh_Role_list&quot; event" name="User/RoleList should refresh table data when receive &quot;Refresh_Role_list&quot; event" time="0.526">
    </testcase>
  </testsuite>
  <testsuite name="Order/Detail/OrderSteps" errors="0" failures="0" skipped="0" timestamp="2021-06-23T06:29:05" time="2.348" tests="4">
    <testcase classname="Order/Detail/OrderSteps should match to snapshot when user is assignee user" name="Order/Detail/OrderSteps should match to snapshot when user is assignee user" time="0.304">
    </testcase>
    <testcase classname="Order/Detail/OrderSteps should match to snapshot when user is not assignee user" name="Order/Detail/OrderSteps should match to snapshot when user is not assignee user" time="0.239">
    </testcase>
    <testcase classname="Order/Detail/OrderSteps should call pass func of props when click resolve button" name="Order/Detail/OrderSteps should call pass func of props when click resolve button" time="0.124">
    </testcase>
    <testcase classname="Order/Detail/OrderSteps should call reject func of props when click reject button" name="Order/Detail/OrderSteps should call reject func of props when click reject button" time="0.348">
    </testcase>
  </testsuite>
  <testsuite name="Order/Create" errors="0" failures="0" skipped="0" timestamp="2021-06-23T06:28:55" time="12.373" tests="4">
    <testcase classname="Order/Create should render page header" name="Order/Create should render page header" time="0.46">
    </testcase>
    <testcase classname="Order/Create should audit sql when user click audit button" name="Order/Create should audit sql when user click audit button" time="1.477">
    </testcase>
    <testcase classname="Order/Create should create order when user input all require fields" name="Order/Create should create order when user input all require fields" time="1.799">
    </testcase>
    <testcase classname="Order/Create should show tips of unsave sql when form have dirty data at click create order" name="Order/Create should show tips of unsave sql when form have dirty data at click create order" time="1.057">
    </testcase>
  </testsuite>
  <testsuite name="RuleTemplate/RuleTemplateForm" errors="0" failures="0" skipped="0" timestamp="2021-06-23T06:29:04" time="3.466" tests="1">
    <testcase classname="RuleTemplate/RuleTemplateForm should match snapshot" name="RuleTemplate/RuleTemplateForm should match snapshot" time="1.677">
    </testcase>
  </testsuite>
  <testsuite name="Header" errors="0" failures="0" skipped="0" timestamp="2021-06-23T06:29:05" time="2.372" tests="4">
    <testcase classname="Header should render username by redux state" name="Header should render username by redux state" time="0.072">
    </testcase>
    <testcase classname="Header should render system menu when user click the username" name="Header should render system menu when user click the username" time="0.269">
    </testcase>
    <testcase classname="Header should render theme change button by current theme" name="Header should render theme change button by current theme" time="0.47">
    </testcase>
    <testcase classname="Header should clean user info and jump to &quot;/&quot; router when click the logout button" name="Header should clean user info and jump to &quot;/&quot; router when click the logout button" time="0.243">
    </testcase>
  </testsuite>
  <testsuite name="Order/List" errors="0" failures="0" skipped="0" timestamp="2021-06-23T06:29:05" time="2.936" tests="2">
    <testcase classname="Order/List should render order list by response data" name="Order/List should render order list by response data" time="0.978">
    </testcase>
    <testcase classname="Order/List should set filter info when url includes request params" name="Order/List should set filter info when url includes request params" time="0.531">
    </testcase>
  </testsuite>
  <testsuite name="Order/Detail/AuditResult" errors="0" failures="0" skipped="0" timestamp="2021-06-23T06:29:05" time="3.186" tests="4">
    <testcase classname="Order/Detail/AuditResult should get task sql info when pass task id into component props" name="Order/Detail/AuditResult should get task sql info when pass task id into component props" time="0.568">
    </testcase>
    <testcase classname="Order/Detail/AuditResult should set duplicate of table filter when change switch" name="Order/Detail/AuditResult should set duplicate of table filter when change switch" time="0.26">
    </testcase>
    <testcase classname="Order/Detail/AuditResult should send download sql file request  when click download sql button" name="Order/Detail/AuditResult should send download sql file request  when click download sql button" time="0.212">
    </testcase>
    <testcase classname="Order/Detail/AuditResult should send download sql report request  when click download sql button" name="Order/Detail/AuditResult should send download sql report request  when click download sql button" time="0.317">
    </testcase>
  </testsuite>
  <testsuite name="SiderMenu" errors="0" failures="0" skipped="0" timestamp="2021-06-23T06:29:04" time="3.421" tests="2">
    <testcase classname="SiderMenu should render menu by user role" name="SiderMenu should render menu by user role" time="0.204">
    </testcase>
    <testcase classname="SiderMenu should render active menu by router pathname" name="SiderMenu should render active menu by router pathname" time="1.672">
    </testcase>
  </testsuite>
  <testsuite name="Order/Detail/Modal/ModifySqlModal" errors="0" failures="0" skipped="0" timestamp="2021-06-23T06:29:06" time="2.441" tests="4">
    <testcase classname="Order/Detail/Modal/ModifySqlModal should match snapshot" name="Order/Detail/Modal/ModifySqlModal should match snapshot" time="0.015">
    </testcase>
    <testcase classname="Order/Detail/Modal/ModifySqlModal should get sql content when sql from type is &quot;form_data&quot;" name="Order/Detail/Modal/ModifySqlModal should get sql content when sql from type is &quot;form_data&quot;" time="0.366">
    </testcase>
    <testcase classname="Order/Detail/Modal/ModifySqlModal should send sql field without input_sql_file field when user input sql in editor" name="Order/Detail/Modal/ModifySqlModal should send sql field without input_sql_file field when user input sql in editor" time="0.207">
    </testcase>
    <testcase classname="Order/Detail/Modal/ModifySqlModal should send sql file when user upload sql file" name="Order/Detail/Modal/ModifySqlModal should send sql file when user upload sql file" time="0.374">
    </testcase>
  </testsuite>
  <testsuite name="User" errors="0" failures="0" skipped="0" timestamp="2021-06-23T06:29:06" time="2.038" tests="2">
    <testcase classname="User should match snapshot" name="User should match snapshot" time="0.02">
    </testcase>
    <testcase classname="User should init modal state at component init" name="User should init modal state at component init" time="0.421">
    </testcase>
  </testsuite>
  <testsuite name="Whitelist" errors="0" failures="0" skipped="0" timestamp="2021-06-23T06:29:06" time="2.003" tests="1">
    <testcase classname="Whitelist should match snapshot" name="Whitelist should match snapshot" time="0.015">
    </testcase>
  </testsuite>
  <testsuite name="User/Modal/AddUser" errors="0" failures="0" skipped="0" timestamp="2021-06-23T06:29:07" time="2.107" tests="2">
    <testcase classname="User/Modal/AddUser should get instance list and username list when modal is opened" name="User/Modal/AddUser should get instance list and username list when modal is opened" time="0.214">
    </testcase>
    <testcase classname="User/Modal/AddUser should send create role request when user click submit button" name="User/Modal/AddUser should send create role request when user click submit button" time="0.909">
    </testcase>
  </testsuite>
  <testsuite name="DatabaseFormItem" errors="0" failures="0" skipped="0" timestamp="2021-06-23T06:29:06" time="3.801" tests="3">
    <testcase classname="DatabaseFormItem should input all required filed when test instance connectable" name="DatabaseFormItem should input all required filed when test instance connectable" time="0.459">
    </testcase>
    <testcase classname="DatabaseFormItem should set initHide to false when event emit dispatch reset action" name="DatabaseFormItem should set initHide to false when event emit dispatch reset action" time="0.449">
    </testcase>
    <testcase classname="DatabaseFormItem should unsubscribe action when umount component" name="DatabaseFormItem should unsubscribe action when umount component" time="0.109">
    </testcase>
  </testsuite>
  <testsuite name="App test" errors="0" failures="0" skipped="0" timestamp="2021-06-23T06:29:07" time="2.396" tests="5">
    <testcase classname="App test should render login route when token is falsy" name="App test should render login route when token is falsy" time="0.024">
    </testcase>
    <testcase classname="App test should render Nav and inner route when token is truthy and role is admin" name="App test should render Nav and inner route when token is truthy and role is admin" time="0.015">
    </testcase>
    <testcase classname="App test should render Nav and some inner route when token is truthy and role is not admin" name="App test should render Nav and some inner route when token is truthy and role is not admin" time="0.009">
    </testcase>
    <testcase classname="App test should get user info when token is not empty" name="App test should get user info when token is not empty" time="0.544">
    </testcase>
    <testcase classname="App test should not get user info when token is empty" name="App test should not get user info when token is empty" time="0.064">
    </testcase>
  </testsuite>
  <testsuite name="Order/Detail/Modal/ModifySqlModal/ModifySqlForm" errors="0" failures="0" skipped="0" timestamp="2021-06-23T06:29:08" time="1.911" tests="1">
    <testcase classname="Order/Detail/Modal/ModifySqlModal/ModifySqlForm should set upload file list to empty when click remove file" name="Order/Detail/Modal/ModifySqlModal/ModifySqlForm should set upload file list to empty when click remove file" time="0.362">
    </testcase>
  </testsuite>
  <testsuite name="System/SMTPSetting" errors="0" failures="0" skipped="0" timestamp="2021-06-23T06:29:08" time="2.146" tests="2">
    <testcase classname="System/SMTPSetting should get smtp setting from origin" name="System/SMTPSetting should get smtp setting from origin" time="0.306">
    </testcase>
    <testcase classname="System/SMTPSetting should send update config request when user click save modify button" name="System/SMTPSetting should send update config request when user click save modify button" time="0.789">
    </testcase>
  </testsuite>
  <testsuite name="User/Modal/AddRole" errors="0" failures="0" skipped="0" timestamp="2021-06-23T06:29:08" time="2.155" tests="2">
    <testcase classname="User/Modal/AddRole should get instance list and username list when modal is opened" name="User/Modal/AddRole should get instance list and username list when modal is opened" time="0.209">
    </testcase>
    <testcase classname="User/Modal/AddRole should send create role request when user click submit button" name="User/Modal/AddRole should send create role request when user click submit button" time="0.953">
    </testcase>
  </testsuite>
  <testsuite name="Whitelist/WhitelistList/Modal/UpdateWhitelist" errors="0" failures="0" skipped="0" timestamp="2021-06-23T06:29:08" time="1.962" tests="3">
    <testcase classname="Whitelist/WhitelistList/Modal/UpdateWhitelist should match snapshot" name="Whitelist/WhitelistList/Modal/UpdateWhitelist should match snapshot" time="0.26">
    </testcase>
    <testcase classname="Whitelist/WhitelistList/Modal/UpdateWhitelist should set visible to false when user click closeModal" name="Whitelist/WhitelistList/Modal/UpdateWhitelist should set visible to false when user click closeModal" time="0.262">
    </testcase>
    <testcase classname="Whitelist/WhitelistList/Modal/UpdateWhitelist should send create whitelist request when user click submit button" name="Whitelist/WhitelistList/Modal/UpdateWhitelist should send create whitelist request when user click submit button" time="0.394">
    </testcase>
  </testsuite>
  <testsuite name="Nav" errors="0" failures="0" skipped="0" timestamp="2021-06-23T06:29:08" time="1.894" tests="1">
    <testcase classname="Nav should render page by props of username" name="Nav should render page by props of username" time="0.278">
    </testcase>
  </testsuite>
  <testsuite name="User/Modal/AddRole" errors="0" failures="0" skipped="0" timestamp="2021-06-23T06:29:08" time="2.055" tests="2">
    <testcase classname="User/Modal/AddRole should get instance list and username list when modal is opened" name="User/Modal/AddRole should get instance list and username list when modal is opened" time="0.267">
    </testcase>
    <testcase classname="User/Modal/AddRole should send create role request when user click submit button" name="User/Modal/AddRole should send create role request when user click submit button" time="0.659">
    </testcase>
  </testsuite>
  <testsuite name="Whitelist/WhitelistList/Modal/AddWhitelist" errors="0" failures="0" skipped="0" timestamp="2021-06-23T06:29:08" time="1.962" tests="3">
    <testcase classname="Whitelist/WhitelistList/Modal/AddWhitelist should match snapshot" name="Whitelist/WhitelistList/Modal/AddWhitelist should match snapshot" time="0.188">
    </testcase>
    <testcase classname="Whitelist/WhitelistList/Modal/AddWhitelist should set visible to false when user click closeModal" name="Whitelist/WhitelistList/Modal/AddWhitelist should set visible to false when user click closeModal" time="0.238">
    </testcase>
    <testcase classname="Whitelist/WhitelistList/Modal/AddWhitelist should send create whitelist request when user click submit button" name="Whitelist/WhitelistList/Modal/AddWhitelist should send create whitelist request when user click submit button" time="0.332">
    </testcase>
  </testsuite>
  <testsuite name="UserEmail" errors="0" failures="0" skipped="0" timestamp="2021-06-23T06:29:08" time="2.013" tests="7">
    <testcase classname="UserEmail should render email by userInfo of props" name="UserEmail should render email by userInfo of props" time="0.074">
    </testcase>
    <testcase classname="UserEmail should start edit emit when click edit icon" name="UserEmail should start edit emit when click edit icon" time="0.018">
    </testcase>
    <testcase classname="UserEmail should auto focus input when edit email" name="UserEmail should auto focus input when edit email" time="0.053">
    </testcase>
    <testcase classname="UserEmail should exit edit mode when user press &quot;esc&quot; key" name="UserEmail should exit edit mode when user press &quot;esc&quot; key" time="0.055">
    </testcase>
    <testcase classname="UserEmail should validate email is valid email address" name="UserEmail should validate email is valid email address" time="0.076">
    </testcase>
    <testcase classname="UserEmail should check new email is same to old email address" name="UserEmail should check new email is same to old email address" time="0.044">
    </testcase>
    <testcase classname="UserEmail should update user email when new email is valid pass" name="UserEmail should update user email when new email is valid pass" time="0.076">
    </testcase>
  </testsuite>
  <testsuite name="Order/Detail/OrderHistory" errors="0" failures="0" skipped="0" timestamp="2021-06-23T06:29:08" time="1.993" tests="2">
    <testcase classname="Order/Detail/OrderHistory should render all order history" name="Order/Detail/OrderHistory should render all order history" time="0.209">
    </testcase>
    <testcase classname="Order/Detail/OrderHistory should call close when click submit button" name="Order/Detail/OrderHistory should call close when click submit button" time="0.176">
    </testcase>
  </testsuite>
  <testsuite name="Home/OrderList" errors="0" failures="0" skipped="0" timestamp="2021-06-23T06:29:09" time="1.593" tests="2">
    <testcase classname="Home/OrderList should render loading spin and empty message when response is empty array" name="Home/OrderList should render loading spin and empty message when response is empty array" time="0.093">
    </testcase>
    <testcase classname="Home/OrderList should render order list when response is not empty" name="Home/OrderList should render order list when response is not empty" time="0.1">
    </testcase>
  </testsuite>
  <testsuite name="Login" errors="0" failures="0" skipped="0" timestamp="2021-06-23T06:29:09" time="1.722" tests="2">
    <testcase classname="Login should render login form" name="Login should render login form" time="0.126">
    </testcase>
    <testcase classname="Login should sent login request when click the login button" name="Login should sent login request when click the login button" time="0.181">
    </testcase>
  </testsuite>
  <testsuite name="ruleTemplate/RuleTemplateForm/BaseInfoForm" errors="0" failures="0" skipped="0" timestamp="2021-06-23T06:29:09" time="1.771" tests="2">
    <testcase classname="ruleTemplate/RuleTemplateForm/BaseInfoForm should reset all fields when user click reset button and isUpdate of props is not true" name="ruleTemplate/RuleTemplateForm/BaseInfoForm should reset all fields when user click reset button and isUpdate of props is not true" time="0.389">
    </testcase>
    <testcase classname="ruleTemplate/RuleTemplateForm/BaseInfoForm should reset desc and instance fields when user click reset button and isUpdate of props is true" name="ruleTemplate/RuleTemplateForm/BaseInfoForm should reset desc and instance fields when user click reset button and isUpdate of props is true" time="0.296">
    </testcase>
  </testsuite>
  <testsuite name="User/RoleList/RoleLIstFilterForm" errors="0" failures="0" skipped="0" timestamp="2021-06-23T06:29:10" time="1.707" tests="4">
    <testcase classname="User/RoleList/RoleLIstFilterForm should match snapshot" name="User/RoleList/RoleLIstFilterForm should match snapshot" time="0.188">
    </testcase>
    <testcase classname="User/RoleList/RoleLIstFilterForm should get options from origin" name="User/RoleList/RoleLIstFilterForm should get options from origin" time="0.134">
    </testcase>
    <testcase classname="User/RoleList/RoleLIstFilterForm should refresh options when receive event from EventEmit" name="User/RoleList/RoleLIstFilterForm should refresh options when receive event from EventEmit" time="0.139">
    </testcase>
    <testcase classname="User/RoleList/RoleLIstFilterForm should call update filter info when user click reset button" name="User/RoleList/RoleLIstFilterForm should call update filter info when user click reset button" time="0.238">
    </testcase>
  </testsuite>
  <testsuite name="DataSource" errors="0" failures="0" skipped="0" timestamp="2021-06-23T06:29:10" time="1.524" tests="1">
    <testcase classname="DataSource should render page title and page describe" name="DataSource should render page title and page describe" time="0.017">
    </testcase>
  </testsuite>
  <testsuite name="TestDatabaseConnectButton" errors="0" failures="0" skipped="0" timestamp="2021-06-23T06:29:10" time="1.573" tests="4">
    <testcase classname="TestDatabaseConnectButton uncontrolled mode should render message by initHide" name="TestDatabaseConnectButton uncontrolled mode should render message by initHide" time="0.063">
    </testcase>
    <testcase classname="TestDatabaseConnectButton uncontrolled mode should show connect result when click the test button" name="TestDatabaseConnectButton uncontrolled mode should show connect result when click the test button" time="0.127">
    </testcase>
    <testcase classname="TestDatabaseConnectButton controlled mode should render message by initHide" name="TestDatabaseConnectButton controlled mode should render message by initHide" time="0.057">
    </testcase>
    <testcase classname="TestDatabaseConnectButton controlled mode should call onClickTestButton when click the test button" name="TestDatabaseConnectButton controlled mode should call onClickTestButton when click the test button" time="0.033">
    </testcase>
  </testsuite>
  <testsuite name="User/Modal/AddUser" errors="0" failures="0" skipped="0" timestamp="2021-06-23T06:29:10" time="1.551" tests="2">
    <testcase classname="User/Modal/AddUser should get instance list and username list when modal is opened" name="User/Modal/AddUser should get instance list and username list when modal is opened" time="0.171">
    </testcase>
    <testcase classname="User/Modal/AddUser should send create role request when user click submit button" name="User/Modal/AddUser should send create role request when user click submit button" time="0.429">
    </testcase>
  </testsuite>
  <testsuite name="Home" errors="0" failures="0" skipped="0" timestamp="2021-06-23T06:29:10" time="1.525" tests="1">
    <testcase classname="Home should render page base element with username" name="Home should render page base element with username" time="0.028">
    </testcase>
  </testsuite>
  <testsuite name="Account" errors="0" failures="0" skipped="0" timestamp="2021-06-23T06:29:10" time="1.513" tests="1">
    <testcase classname="Account should render user Info when request is success" name="Account should render user Info when request is success" time="0.158">
    </testcase>
  </testsuite>
  <testsuite name="RuleTemplate" errors="0" failures="0" skipped="0" timestamp="2021-06-23T06:29:10" time="1.458" tests="1">
    <testcase classname="RuleTemplate should render page header and describe" name="RuleTemplate should render page header and describe" time="0.012">
    </testcase>
  </testsuite>
  <testsuite name="LanguageSelect" errors="0" failures="0" skipped="0" timestamp="2021-06-23T06:29:10" time="1.383" tests="1">
    <testcase classname="LanguageSelect should render all support language option in select" name="LanguageSelect should render all support language option in select" time="0.108">
    </testcase>
  </testsuite>
  <testsuite name="useRuleTemplate" errors="0" failures="0" skipped="0" timestamp="2021-06-23T06:29:10" time="1.38" tests="5">
    <testcase classname="useRuleTemplate should render static option for audit status" name="useRuleTemplate should render static option for audit status" time="0.167">
    </testcase>
    <testcase classname="useRuleTemplate should render static option for exec status" name="useRuleTemplate should render static option for exec status" time="0.095">
    </testcase>
    <testcase classname="useRuleTemplate should render static option for order status" name="useRuleTemplate should render static option for order status" time="0.105">
    </testcase>
    <testcase classname="useRuleTemplate should render static option for sql task status" name="useRuleTemplate should render static option for sql task status" time="0.093">
    </testcase>
    <testcase classname="useRuleTemplate should render static option for workflow step type" name="useRuleTemplate should render static option for workflow step type" time="0.106">
    </testcase>
  </testsuite>
  <testsuite name="Order/Detail" errors="0" failures="0" skipped="0" timestamp="2021-06-23T06:28:55" time="16.549" tests="10">
    <testcase classname="Order/Detail should render on process order info by request" name="Order/Detail should render on process order info by request" time="0.723">
    </testcase>
    <testcase classname="Order/Detail should render close order info by request" name="Order/Detail should render close order info by request" time="0.385">
    </testcase>
    <testcase classname="Order/Detail should render reject order info by request" name="Order/Detail should render reject order info by request" time="0.434">
    </testcase>
    <testcase classname="Order/Detail should render pass order info by request" name="Order/Detail should render pass order info by request" time="0.334">
    </testcase>
    <testcase classname="Order/Detail should render process order with order step history info by request" name="Order/Detail should render process order with order step history info by request" time="0.359">
    </testcase>
    <testcase classname="Order/Detail should send resolve order request when click resolve button" name="Order/Detail should send resolve order request when click resolve button" time="0.726">
    </testcase>
    <testcase classname="Order/Detail should send reject order request when click reject button" name="Order/Detail should send reject order request when click reject button" time="0.884">
    </testcase>
    <testcase classname="Order/Detail should get new sql audit result when update audit sql" name="Order/Detail should get new sql audit result when update audit sql" time="1.631">
    </testcase>
    <testcase classname="Order/Detail should update order when click update order button" name="Order/Detail should update order when click update order button" time="1.98">
    </testcase>
    <testcase classname="Order/Detail should give up order when click give up modify button" name="Order/Detail should give up order when click give up modify button" time="1.326">
    </testcase>
  </testsuite>
  <testsuite name="UpdateRuleTemplate" errors="0" failures="0" skipped="0" timestamp="2021-06-23T06:28:55" time="16.94" tests="3">
    <testcase classname="UpdateRuleTemplate should render base form at init" name="UpdateRuleTemplate should render base form at init" time="2.316">
    </testcase>
    <testcase classname="UpdateRuleTemplate should jump to /rule/template when user click back btn" name="UpdateRuleTemplate should jump to /rule/template when user click back btn" time="1.723">
    </testcase>
    <testcase classname="UpdateRuleTemplate should jump to next step when user input all require fields" name="UpdateRuleTemplate should jump to next step when user input all require fields" time="5.577">
    </testcase>
  </testsuite>
  <testsuite name="useInstance" errors="0" failures="0" skipped="0" timestamp="2021-06-23T06:29:11" time="0.987" tests="3">
    <testcase classname="useInstance should get instance data from request" name="useInstance should get instance data from request" time="0.122">
    </testcase>
    <testcase classname="useInstance should set list to empty array when response code is not equal success code" name="useInstance should set list to empty array when response code is not equal success code" time="0.02">
    </testcase>
    <testcase classname="useInstance should set list to empty array when response throw error" name="useInstance should set list to empty array when response throw error" time="0.01">
    </testcase>
  </testsuite>
  <testsuite name="User/Modal/RoleForm" errors="0" failures="0" skipped="0" timestamp="2021-06-23T06:29:11" time="0.984" tests="2">
    <testcase classname="User/Modal/RoleForm should match snapshot" name="User/Modal/RoleForm should match snapshot" time="0.123">
    </testcase>
    <testcase classname="User/Modal/RoleForm should match snapshot when isUpdate is truthy" name="User/Modal/RoleForm should match snapshot when isUpdate is truthy" time="0.1">
    </testcase>
  </testsuite>
  <testsuite name="Home/MyOrder" errors="0" failures="0" skipped="0" timestamp="2021-06-23T06:29:11" time="0.908" tests="1">
    <testcase classname="Home/MyOrder should show order num about me by request response" name="Home/MyOrder should show order num about me by request response" time="0.081">
    </testcase>
  </testsuite>
  <testsuite name="useRuleTemplate" errors="0" failures="0" skipped="0" timestamp="2021-06-23T06:29:11" time="1.063" tests="3">
    <testcase classname="useRuleTemplate should get role data from request" name="useRuleTemplate should get role data from request" time="0.195">
    </testcase>
    <testcase classname="useRuleTemplate should set list to empty array when response code is not equal success code" name="useRuleTemplate should set list to empty array when response code is not equal success code" time="0.01">
    </testcase>
    <testcase classname="useRuleTemplate should set list to empty array when response throw error" name="useRuleTemplate should set list to empty array when response throw error" time="0.009">
    </testcase>
  </testsuite>
  <testsuite name="useInstanceSchema" errors="0" failures="0" skipped="0" timestamp="2021-06-23T06:29:11" time="1.019" tests="2">
    <testcase classname="useInstanceSchema should get instance schema data from request" name="useInstanceSchema should get instance schema data from request" time="0.153">
    </testcase>
    <testcase classname="useInstanceSchema should not request when use hooks without params" name="useInstanceSchema should not request when use hooks without params" time="0.013">
    </testcase>
  </testsuite>
  <testsuite name="RuleList" errors="0" failures="0" skipped="0" timestamp="2021-06-23T06:29:11" time="1.365" tests="2">
    <testcase classname="RuleList should render empty text when list is empty array" name="RuleList should render empty text when list is empty array" time="0.036">
    </testcase>
    <testcase classname="RuleList should render rule list when list is not empty array" name="RuleList should render rule list when list is not empty array" time="0.166">
    </testcase>
  </testsuite>
  <testsuite name="User/UserList/UserLIstFilterForm" errors="0" failures="0" skipped="0" timestamp="2021-06-23T06:29:11" time="1.427" tests="4">
    <testcase classname="User/UserList/UserLIstFilterForm should match snapshot" name="User/UserList/UserLIstFilterForm should match snapshot" time="0.143">
    </testcase>
    <testcase classname="User/UserList/UserLIstFilterForm should get options from origin" name="User/UserList/UserLIstFilterForm should get options from origin" time="0.1">
    </testcase>
    <testcase classname="User/UserList/UserLIstFilterForm should refresh options when receive event from EventEmit" name="User/UserList/UserLIstFilterForm should refresh options when receive event from EventEmit" time="0.122">
    </testcase>
    <testcase classname="User/UserList/UserLIstFilterForm should call update filter info when user click reset button" name="User/UserList/UserLIstFilterForm should call update filter info when user click reset button" time="0.184">
    </testcase>
  </testsuite>
  <testsuite name="RuleTemplate/CreateRuleTemplate" errors="0" failures="0" skipped="0" timestamp="2021-06-23T06:28:55" time="17.371" tests="3">
    <testcase classname="RuleTemplate/CreateRuleTemplate should render base form at init" name="RuleTemplate/CreateRuleTemplate should render base form at init" time="2.44">
    </testcase>
    <testcase classname="RuleTemplate/CreateRuleTemplate should jump to /rule/template when user click back btn" name="RuleTemplate/CreateRuleTemplate should jump to /rule/template when user click back btn" time="1.82">
    </testcase>
    <testcase classname="RuleTemplate/CreateRuleTemplate should jump to next step when user input all require fields" name="RuleTemplate/CreateRuleTemplate should jump to next step when user input all require fields" time="5.883">
    </testcase>
  </testsuite>
  <testsuite name="AuditResultErrorMessage" errors="0" failures="0" skipped="0" timestamp="2021-06-23T06:29:11" time="1.309" tests="2">
    <testcase classname="AuditResultErrorMessage should render error list when &quot;resultErrorMessage&quot; exist" name="AuditResultErrorMessage should render error list when &quot;resultErrorMessage&quot; exist" time="0.1">
    </testcase>
    <testcase classname="AuditResultErrorMessage should render normal level when not match level" name="AuditResultErrorMessage should render normal level when not match level" time="0.025">
    </testcase>
  </testsuite>
  <testsuite name="Api" errors="0" failures="0" skipped="0" timestamp="2021-06-23T06:29:11" time="1.274" tests="6">
    <testcase classname="Api should jump to login page when request return 401" name="Api should jump to login page when request return 401" time="0.147">
    </testcase>
    <testcase classname="Api should download file when request header includes content-disposition and attachment" name="Api should download file when request header includes content-disposition and attachment" time="0.014">
    </testcase>
    <testcase classname="Api should get truthy filename when request header includes content-disposition and attachment and filename includes *=" name="Api should get truthy filename when request header includes content-disposition and attachment and filename includes *=" time="0.012">
    </testcase>
    <testcase classname="Api should show error message when response status code is not equal 200" name="Api should show error message when response status code is not equal 200" time="0.011">
    </testcase>
    <testcase classname="Api should add token when request url is not equal &quot;/login&quot;" name="Api should add token when request url is not equal &quot;/login&quot;" time="0.011">
    </testcase>
    <testcase classname="Api should do not add token when request url is equal &quot;/login&quot;" name="Api should do not add token when request url is equal &quot;/login&quot;" time="0.02">
    </testcase>
  </testsuite>
  <testsuite name="System/GlobalConfig" errors="0" failures="0" skipped="0" timestamp="2021-06-23T06:29:11" time="1.367" tests="2">
    <testcase classname="System/GlobalConfig should get smtp setting from origin" name="System/GlobalConfig should get smtp setting from origin" time="0.144">
    </testcase>
    <testcase classname="System/GlobalConfig should send update config request when user click save modify button" name="System/GlobalConfig should send update config request when user click save modify button" time="0.362">
    </testcase>
  </testsuite>
  <testsuite name="useRole" errors="0" failures="0" skipped="0" timestamp="2021-06-23T06:29:12" time="1.011" tests="3">
    <testcase classname="useRole should get role data from request" name="useRole should get role data from request" time="0.151">
    </testcase>
    <testcase classname="useRole should set list to empty array when response code is not equal success code" name="useRole should set list to empty array when response code is not equal success code" time="0.012">
    </testcase>
    <testcase classname="useRole should set list to empty array when response throw error" name="useRole should set list to empty array when response throw error" time="0.007">
    </testcase>
  </testsuite>
  <testsuite name="useRole" errors="0" failures="0" skipped="0" timestamp="2021-06-23T06:29:12" time="1.142" tests="3">
    <testcase classname="useRole should get role data from request" name="useRole should get role data from request" time="0.166">
    </testcase>
    <testcase classname="useRole should set list to empty array when response code is not equal success code" name="useRole should set list to empty array when response code is not equal success code" time="0.009">
    </testcase>
    <testcase classname="useRole should set list to empty array when response throw error" name="useRole should set list to empty array when response throw error" time="0.006">
    </testcase>
  </testsuite>
  <testsuite name="User/Modal/UserForm" errors="0" failures="0" skipped="0" timestamp="2021-06-23T06:29:12" time="1.141" tests="2">
    <testcase classname="User/Modal/UserForm should match snapshot when isUpdate is falsy" name="User/Modal/UserForm should match snapshot when isUpdate is falsy" time="0.158">
    </testcase>
    <testcase classname="User/Modal/UserForm should match snapshot when isUpdate is truthy" name="User/Modal/UserForm should match snapshot when isUpdate is truthy" time="0.068">
    </testcase>
  </testsuite>
  <testsuite name="Order/useModifySql" errors="0" failures="0" skipped="0" timestamp="2021-06-23T06:29:12" time="0.486" tests="4">
    <testcase classname="Order/useModifySql should return default value" name="Order/useModifySql should return default value" time="0.021">
    </testcase>
    <testcase classname="Order/useModifySql should toggle visible value when call openModifySqlModal and closeModifySqlModal" name="Order/useModifySql should toggle visible value when call openModifySqlModal and closeModifySqlModal" time="0.007">
    </testcase>
    <testcase classname="Order/useModifySql should set tempTaskId and pass rage and set visible to false when call modifySqlSubmit" name="Order/useModifySql should set tempTaskId and pass rage and set visible to false when call modifySqlSubmit" time="0.004">
    </testcase>
    <testcase classname="Order/useModifySql should reset all state when call resetAllState" name="Order/useModifySql should reset all state when call resetAllState" time="0.006">
    </testcase>
  </testsuite>
  <testsuite name="useLanguage" errors="0" failures="0" skipped="0" timestamp="2021-06-23T06:29:12" time="0.545" tests="3">
    <testcase classname="useLanguage should return antd locale by redux language" name="useLanguage should return antd locale by redux language" time="0.02">
    </testcase>
    <testcase classname="useLanguage should dispatch update language action when language in redux is invalid" name="useLanguage should dispatch update language action when language in redux is invalid" time="0.005">
    </testcase>
    <testcase classname="useLanguage should set language for moment and i18n" name="useLanguage should set language for moment and i18n" time="0.004">
    </testcase>
  </testsuite>
  <testsuite name="utils/Common" errors="0" failures="0" skipped="0" timestamp="2021-06-23T06:29:13" time="0.387" tests="4">
    <testcase classname="utils/Common should check params is a email address" name="utils/Common should check params is a email address" time="0.005">
    </testcase>
    <testcase classname="utils/Common should format moment to YYYY-MM-DD HH:mm:ss" name="utils/Common should format moment to YYYY-MM-DD HH:mm:ss" time="0.002">
    </testcase>
    <testcase classname="utils/Common should format a time from moment to YYYY-MM-DDTHH:mm:ssZ" name="utils/Common should format a time from moment to YYYY-MM-DDTHH:mm:ssZ" time="0.002">
    </testcase>
    <testcase classname="utils/Common should return file list from event" name="utils/Common should return file list from event" time="0.001">
    </testcase>
  </testsuite>
  <testsuite name="userMonacoEditor" errors="0" failures="0" skipped="0" timestamp="2021-06-23T06:29:13" time="0.449" tests="8">
    <testcase classname="userMonacoEditor should set value to empty when editor value is equal default placeholder" name="userMonacoEditor should set value to empty when editor value is equal default placeholder" time="0.007">
    </testcase>
    <testcase classname="userMonacoEditor should set value to empty when editor value is equal custom placeholder" name="userMonacoEditor should set value to empty when editor value is equal custom placeholder" time="0.004">
    </testcase>
    <testcase classname="userMonacoEditor should set value to default placeholder when editor is blur and value is empty" name="userMonacoEditor should set value to default placeholder when editor is blur and value is empty" time="0.007">
    </testcase>
    <testcase classname="userMonacoEditor should set value to custom placeholder when editor is blur and value is empty" name="userMonacoEditor should set value to custom placeholder when editor is blur and value is empty" time="0.004">
    </testcase>
    <testcase classname="userMonacoEditor should set value to empty by form instance when editor value is equal default placeholder" name="userMonacoEditor should set value to empty by form instance when editor value is equal default placeholder" time="0.015">
    </testcase>
    <testcase classname="userMonacoEditor should set value to empty by form instance when editor value is equal custom placeholder" name="userMonacoEditor should set value to empty by form instance when editor value is equal custom placeholder" time="0.005">
    </testcase>
    <testcase classname="userMonacoEditor should set value to default placeholder by form instance when editor is blur and value is empty" name="userMonacoEditor should set value to default placeholder by form instance when editor is blur and value is empty" time="0.004">
    </testcase>
    <testcase classname="userMonacoEditor should set value to custom placeholder by form instance when editor is blur and value is empty" name="userMonacoEditor should set value to custom placeholder by form instance when editor is blur and value is empty" time="0.004">
    </testcase>
  </testsuite>
  <testsuite name="useTable" errors="0" failures="0" skipped="0" timestamp="2021-06-23T06:29:13" time="0.526" tests="5">
    <testcase classname="useTable should have default value when params is undefined" name="useTable should have default value when params is undefined" time="0.026">
    </testcase>
    <testcase classname="useTable should set default value to params when params is valid" name="useTable should set default value to params when params is valid" time="0.004">
    </testcase>
    <testcase classname="useTable should set filter info to form values when call submitFilter function" name="useTable should set filter info to form values when call submitFilter function" time="0.007">
    </testcase>
    <testcase classname="useTable should reset filter info to empty object when call resetFilter function" name="useTable should reset filter info to empty object when call resetFilter function" time="0.004">
    </testcase>
    <testcase classname="useTable only change pageSize or pageIndex when new page size or page index is diff between old data" name="useTable only change pageSize or pageIndex when new page size or page index is diff between old data" time="0.005">
    </testcase>
  </testsuite>
  <testsuite name="EmptyBox" errors="0" failures="0" skipped="0" timestamp="2021-06-23T06:29:13" time="0.43" tests="2">
    <testcase classname="EmptyBox should render children by props of &quot;if&quot;" name="EmptyBox should render children by props of &quot;if&quot;" time="0.008">
    </testcase>
    <testcase classname="EmptyBox should render default node when &quot;if&quot; is falsy and &quot;defaultNode&quot; is truthy" name="EmptyBox should render default node when &quot;if&quot; is falsy and &quot;defaultNode&quot; is truthy" time="0.005">
    </testcase>
  </testsuite>
  <testsuite name="useBack" errors="0" failures="0" skipped="0" timestamp="2021-06-23T06:29:13" time="0.45" tests="1">
    <testcase classname="useBack should jump to last path in history when call goBack" name="useBack should jump to last path in history when call goBack" time="0.027">
    </testcase>
  </testsuite>
  <testsuite name="utils/EventEmitter" errors="0" failures="0" skipped="0" timestamp="2021-06-23T06:29:13" time="0.376" tests="3">
    <testcase classname="utils/EventEmitter should call subscribe function when emit event" name="utils/EventEmitter should call subscribe function when emit event" time="0.001">
    </testcase>
    <testcase classname="utils/EventEmitter should not call function which already unsubscribe" name="utils/EventEmitter should not call function which already unsubscribe" time="0">
    </testcase>
    <testcase classname="utils/EventEmitter should only toggle once when user subscribe event by once method" name="utils/EventEmitter should only toggle once when user subscribe event by once method" time="0.001">
    </testcase>
  </testsuite>
  <testsuite name="useChangeTheme" errors="0" failures="0" skipped="0" timestamp="2021-06-23T06:29:12" time="0.667" tests="3">
    <testcase classname="useChangeTheme should return default theme when redux in empty" name="useChangeTheme should return default theme when redux in empty" time="0.009">
    </testcase>
    <testcase classname="useChangeTheme should render dark theme when theme in redux is dark" name="useChangeTheme should render dark theme when theme in redux is dark" time="0.015">
    </testcase>
    <testcase classname="useChangeTheme should dispatch updateTheme action and change link element when call changeTheme" name="useChangeTheme should dispatch updateTheme action and change link element when call changeTheme" time="0.023">
    </testcase>
  </testsuite>
  <testsuite name="Home/QuickLink" errors="0" failures="0" skipped="0" timestamp="2021-06-23T06:29:12" time="0.863" tests="2">
    <testcase classname="Home/QuickLink should render quick link when user role is not admin" name="Home/QuickLink should render quick link when user role is not admin" time="0.022">
    </testcase>
    <testcase classname="Home/QuickLink should render quick link when user role is admin" name="Home/QuickLink should render quick link when user role is admin" time="0.025">
    </testcase>
  </testsuite>
  <testsuite name="Whitelist/WhitelistForm" errors="0" failures="0" skipped="0" timestamp="2021-06-23T06:29:12" time="1.059" tests="1">
    <testcase classname="Whitelist/WhitelistForm should match snapshot" name="Whitelist/WhitelistForm should match snapshot" time="0.125">
    </testcase>
  </testsuite>
  <testsuite name="OrderStatusTag" errors="0" failures="0" skipped="0" timestamp="2021-06-23T06:29:12" time="0.733" tests="1">
    <testcase classname="OrderStatusTag should render username by redux state" name="OrderStatusTag should render username by redux state" time="0.018">
    </testcase>
  </testsuite>
  <testsuite name="BackButton" errors="0" failures="0" skipped="0" timestamp="2021-06-23T06:29:12" time="0.766" tests="2">
    <testcase classname="BackButton should render a button" name="BackButton should render a button" time="0.015">
    </testcase>
    <testcase classname="BackButton should call goBack function when click the button" name="BackButton should call goBack function when click the button" time="0.021">
    </testcase>
  </testsuite>
  <testsuite name="System" errors="0" failures="0" skipped="0" timestamp="2021-06-23T06:29:12" time="0.887" tests="1">
    <testcase classname="System should match snapshot" name="System should match snapshot" time="0.009">
    </testcase>
  </testsuite>
  <testsuite name="store/user" errors="0" failures="0" skipped="0" timestamp="2021-06-23T06:29:13" time="0.446" tests="4">
    <testcase classname="store/user should create action" name="store/user should create action" time="0.001">
    </testcase>
    <testcase classname="store/user should update username and role when dispatch updateUser action" name="store/user should update username and role when dispatch updateUser action" time="0.002">
    </testcase>
    <testcase classname="store/user should update theme when dispatch updateTheme action" name="store/user should update theme when dispatch updateTheme action" time="0.001">
    </testcase>
    <testcase classname="store/user should update token when dispatch updateTheme action" name="store/user should update token when dispatch updateTheme action" time="0.001">
    </testcase>
  </testsuite>
  <testsuite name="utils/Download" errors="0" failures="0" skipped="0" timestamp="2021-06-23T06:29:13" time="0.327" tests="2">
    <testcase classname="utils/Download should create element a for download file stream" name="utils/Download should create element a for download file stream" time="0.002">
    </testcase>
    <testcase classname="utils/Download should create element a for download file blob" name="utils/Download should create element a for download file blob" time="0.001">
    </testcase>
  </testsuite>
  <testsuite name="utils/FormRule" errors="0" failures="0" skipped="0" timestamp="2021-06-23T06:29:13" time="0.297" tests="1">
    <testcase classname="utils/FormRule should check name must start with letter and only includes letters and number and some special char" name="utils/FormRule should check name must start with letter and only includes letters and number and some special char" time="0.002">
    </testcase>
  </testsuite>
  <testsuite name="HeaderProgress" errors="0" failures="0" skipped="0" timestamp="2021-06-23T06:29:13" time="0.321" tests="1">
    <testcase classname="HeaderProgress should render children by props of &quot;if&quot;" name="HeaderProgress should render children by props of &quot;if&quot;" time="0.004">
    </testcase>
  </testsuite>
  <testsuite name="store/user" errors="0" failures="0" skipped="0" timestamp="2021-06-23T06:29:13" time="0.291" tests="2">
    <testcase classname="store/user should create action" name="store/user should create action" time="0.001">
    </testcase>
    <testcase classname="store/user should update selectUser when dispatch updateUser action" name="store/user should update selectUser when dispatch updateUser action" time="0.002">
    </testcase>
  </testsuite>
  <testsuite name="store/user" errors="0" failures="0" skipped="0" timestamp="2021-06-23T06:29:13" time="0.305" tests="3">
    <testcase classname="store/user should create action" name="store/user should create action" time="0.001">
    </testcase>
    <testcase classname="store/user should update selectUser when dispatch updateUser action" name="store/user should update selectUser when dispatch updateUser action" time="0.006">
    </testcase>
    <testcase classname="store/user should update selectRole when dispatch updateRole action" name="store/user should update selectRole when dispatch updateRole action" time="0.001">
    </testcase>
  </testsuite>
  <testsuite name="store/common" errors="0" failures="0" skipped="0" timestamp="2021-06-23T06:29:13" time="0.298" tests="3">
    <testcase classname="store/common should create action" name="store/common should create action" time="0.001">
    </testcase>
    <testcase classname="store/common should modify modal status" name="store/common should modify modal status" time="0.001">
    </testcase>
    <testcase classname="store/common should modify status of modal status by modal name" name="store/common should modify status of modal status by modal name" time="0.001">
    </testcase>
  </testsuite>
  <testsuite name="store/locale" errors="0" failures="0" skipped="0" timestamp="2021-06-23T06:29:13" time="0.315" tests="2">
    <testcase classname="store/locale should create action" name="store/locale should create action" time="0">
    </testcase>
    <testcase classname="store/locale should update language when dispatch updateLanguage action" name="store/locale should update language when dispatch updateLanguage action" time="0.001">
    </testcase>
  </testsuite>
</testsuites>